// Jest Snapshot v1, https://goo.gl/fbAQLP

exports[`CategorySelectPage tests renders correctly 1`] = `
<div>
  <div
    class="container"
  >
    <h2>
      Please select the topic you are interested in
    </h2>
    <div
      class="categoryCard"
    >
      <a
        href="/category/sport"
      >
        <p>
          Sport
        </p>
      </a>
      <a
        href="/category/food"
      >
        <p>
          Food
        </p>
      </a>
      <a
        href="/category/history"
      >
        <p>
          History
        </p>
      </a>
      <a
        href="/category/tourism"
      >
        <p>
          Tourism
        </p>
      </a>
    </div>
  </div>
</div>
`;
