// Jest Snapshot v1, https://goo.gl/fbAQLP

exports[`renders the home component correctly 1`] = `
<div>
  <div>
    The home page
    <img
      alt="tree frog"
      src="/images/treefrog.jpg"
    />
    <div>
      <form>
        <label
          for="myTextId"
        >
          Input
        </label>
        <input
          id="myTextId"
          name="myText"
          type="text"
        />
        <label
          for="myDropdownId"
        >
          Input
        </label>
        <select
          id="myDropdownId"
          name="myDropdown"
        >
          <option
            value="foo"
          >
            Foo
          </option>
          <option
            value="bar"
          >
            Bar
          </option>
          <option
            value="baz"
          >
            Baz
          </option>
        </select>
        <input
          type="submit"
          value="Send it"
        />
      </form>
    </div>
  </div>
</div>
`;
