// Jest Snapshot v1, https://goo.gl/fbAQLP

exports[`SignupPage tests renders correctly 1`] = `
<div>
  <div>
    <h2>
      Sign Up Now
    </h2>
    <form
      class="signupForm"
    >
      <div
        class="formGroup"
      >
        <label
          for="firstName"
        >
          First Name
        </label>
        <input
          class="formControl"
          id="firstName"
          name="firstName"
          pattern="[a-zA-Z]{1,20}"
          required=""
          title="only letters, maximum is 20 characters"
          type="text"
        />
      </div>
      <div
        class="formGroup"
      >
        <label
          for="lastName"
        >
          Last Name
        </label>
        <input
          class="formControl"
          id="lastName"
          name="lastName"
          pattern="[a-zA-Z]{1,20}"
          required=""
          title="only letters, maximum is 20 characters"
          type="text"
        />
      </div>
      <div
        class="formGroup"
      >
        <label
          for="userName"
        >
          User Name
        </label>
        <input
          class="formControl"
          id="userName"
          name="userName"
          pattern="[a-zA-Z0-9]{1,20}"
          required=""
          title="only letters, numbers, maximum is 20 characters"
          type="text"
        />
      </div>
      <div
        class="formGroup"
      >
        <label
          for="email"
        >
          Email Address
        </label>
        <input
          class="formControl"
          id="email"
          name="email"
          required=""
          type="email"
        />
      </div>
      <div
        class="formGroup"
      >
        <label
          for="password"
        >
          Password
        </label>
        <input
          class="formControl"
          id="password"
          name="password"
          pattern="[\\\\s\\\\S]{6,30}"
          required=""
          title="password length should between 6 and 30 characters"
          type="password"
        />
      </div>
      <div
        class="formGroup"
      >
        <div
          class="gender"
        >
          <label>
            Gender:
          </label>
          <label>
            Male
            <input
              checked=""
              id="male"
              name="gender"
              type="radio"
              value="male"
            />
          </label>
          <label>
            Female
            <input
              checked=""
              id="female"
              name="gender"
              type="radio"
              value="female"
            />
          </label>
          <label>
            Other
            <input
              checked=""
              id="other"
              name="gender"
              type="radio"
              value="other"
            />
          </label>
        </div>
      </div>
      <div
        class="formGroup"
      >
        <div
          class="country"
        >
          <label
            for="country"
          >
            Country:
          </label>
          <select
            class="dropdownForm"
            id="country"
            name="country"
          >
            <option
              value="usa"
            >
              United States
            </option>
            <option
              value="canada"
            >
              Canada
            </option>
            <option
              value="other"
            >
              Other
            </option>
          </select>
        </div>
      </div>
      <div
        class="formGroup"
      >
        <div
          class="profession"
        >
          <label
            for="profession"
          >
            Profession:
          </label>
          <select
            class="dropdownForm"
            id="profession"
            name="profession"
          >
            <option
              value="student"
            >
              Student
            </option>
            <option
              value="teacher"
            >
              Teacher
            </option>
            <option
              value="other"
            >
              Other
            </option>
          </select>
        </div>
      </div>
      <div
        class="formGroup"
      >
        <input
          class="formControl submitButton"
          type="submit"
          value="Submit"
        />
      </div>
    </form>
  </div>
</div>
`;
